test/samples/file.tsx:8:0:<Button size="large">
--
