test/samples/file.tsx:9:<Button variant="secondary">
--
