test/samples/file.tsx:5:0:<Button variant="primary" size="large">
--
test/samples/file.tsx:9:0:<Button variant="secondary">
--
